bun test v1.3.8 (b64edcb4)
bun : 
At line:1 char:1
+ bun test src/modul
es/gmail-auth/gmail-
auth.service.test.ts
 --preload  ...
+ ~~~~~~~~~~~~~~~~~~
~~~~~~~~~~~~~~~~~~~~
~~~~~~~~~~~~~~~~~~~~
~~~~~~~~~~~
    + CategoryInfo  
            : NotS  
  pecified: (:Str   
 ing) [], Remote    
Exception
    + FullyQualifie 
   dErrorId : Nati  
  veCommandError
 
src\modules\gmail-au
th\gmail-auth.servic
e.test.ts:
(pass) 
gmail-auth.service 
> Environment 
Configuration > 
getAuthUrl throws 
when env vars 
missing [94.00ms]
(pass) 
gmail-auth.service 
> Environment 
Configuration > 
getAuthUrl returns 
valid URL when env 
vars set
(pass) 
gmail-auth.service 
> User-Scoped Token 
Storage > 
getAuthStatus 
returns not 
connected for new 
user [15.00ms]
(pass) 
gmail-auth.service 
> User-Scoped Token 
Storage > tokens 
are isolated per 
user [16.00ms]
(pass) 
gmail-auth.service 
> User-Scoped Token 
Storage > 
revokeTokens only 
removes tokens for 
specific user 
[16.00ms]
(pass) 
gmail-auth.service 
> User-Scoped Token 
Storage > 
getGmailEmail 
returns correct 
email for user
(pass) 
gmail-auth.service 
> User-Scoped Token 
Storage > 
getGmailEmail 
returns null for 
user without tokens
195 |       expect(r
ecord?.encryptedRefr
eshToken).toBeDefine
d();
196 | 
197 |       // If 
encryption is 
working, the stored 
value should be 
different from 
plaintext
198 |       // and 
should contain the 
encryption format 
markers
199 |       if (proc
ess.env.ENCRYPTION_K
EY) {
200 |         expect
(record?.encryptedAc
cessToken).not.toBe(
'plaintext-should-be
-encrypted');
                    
                    
               ^
error: expect(receiv
ed).not.toBe(expecte
d)

Expected: not "plain
text-should-be-encry
pted"

      at 
<anonymous> (C:\cm3-
backend\src\modules\
gmail-auth\gmail-aut
h.service.test.ts:20
0:50)
(fail) 
gmail-auth.service 
> Token Encryption 
> tokens are 
encrypted in 
database [15.00ms]
(pass) 
gmail-auth.service 
> Database 
Constraints > one 
user can only have 
one Gmail 
connection (unique 
constraint)
(pass) 
gmail-auth.service 
> Database 
Constraints > 
updating tokens for 
same user works 
(upsert behavior) 
[16.00ms]
(pass) 
gmail-auth.service 
> getAuthenticatedCl
ient > returns null 
for user without 
tokens
(pass) 
gmail-auth.service 
> getAuthenticatedCl
ient > returns 
OAuth2 client for 
user with tokens

 11 pass
 1 fail
 27 expect() calls
Ran 12 tests across 
1 file. [327.00ms]
