bun test v1.3.8 (b64edcb4)
bun : 
At line:1 char:1
+ bun test src/modul
es/gmail-auth/gmail-
auth.service.test.ts
 --preload  ...
+ ~~~~~~~~~~~~~~~~~~
~~~~~~~~~~~~~~~~~~~~
~~~~~~~~~~~~~~~~~~~~
~~~~~~~~~~~
    + CategoryInfo  
            : NotS  
  pecified: (:Str   
 ing) [], Remote    
Exception
    + FullyQualifie 
   dErrorId : Nati  
  veCommandError
 
src\modules\gmail-au
th\gmail-auth.servic
e.test.ts:
(pass) 
gmail-auth.service 
> Environment 
Configuration > 
getAuthUrl throws 
when env vars 
missing [219.00ms]
(pass) 
gmail-auth.service 
> Environment 
Configuration > 
getAuthUrl returns 
valid URL when env 
vars set
(pass) 
gmail-auth.service 
> User-Scoped Token 
Storage > 
getAuthStatus 
returns not 
connected for new 
user
(pass) 
gmail-auth.service 
> User-Scoped Token 
Storage > tokens 
are isolated per 
user [15.00ms]
[gmail-auth] Failed 
to revoke token 
with Google: 213 | 
214 |   // Revoke 
with Google if we 
have a token
215 |   if (tokens?.
access_token) {
216 |     try {
217 |       const 
oauth2 = 
getOAuth2Client();
218 |       await oa
uth2.revokeToken(tok
ens.access_token);
                    
     ^
TypeError: getOAuth2
Client().revokeToken
 is not a function. 
(In 'getOAuth2Client
().revokeToken(token
s.access_token)', 'g
etOAuth2Client().rev
okeToken' is 
undefined)
      at 
revokeTokens (C:\cm3
-backend\src\modules
\gmail-auth\gmail-au
th.service.ts:218:20
)
      at async 
<anonymous> (C:\cm3-
backend\src\modules\
gmail-auth\gmail-aut
h.service.test.ts:14
3:13)

(pass) 
gmail-auth.service 
> User-Scoped Token 
Storage > 
revokeTokens only 
removes tokens for 
specific user 
[16.00ms]
(pass) 
gmail-auth.service 
> User-Scoped Token 
Storage > 
getGmailEmail 
returns correct 
email for user
(pass) 
gmail-auth.service 
> User-Scoped Token 
Storage > 
getGmailEmail 
returns null for 
user without tokens 
[16.00ms]
195 |       expect(r
ecord?.encryptedRefr
eshToken).toBeDefine
d();
196 | 
197 |       // If 
encryption is 
working, the stored 
value should be 
different from 
plaintext
198 |       // and 
should contain the 
encryption format 
markers
199 |       if (proc
ess.env.ENCRYPTION_K
EY) {
200 |         expect
(record?.encryptedAc
cessToken).not.toBe(
'plaintext-should-be
-encrypted');
                    
                    
               ^
error: expect(receiv
ed).not.toBe(expecte
d)

Expected: not "plain
text-should-be-encry
pted"

      at 
<anonymous> (C:\cm3-
backend\src\modules\
gmail-auth\gmail-aut
h.service.test.ts:20
0:50)
(fail) 
gmail-auth.service 
> Token Encryption 
> tokens are 
encrypted in 
database
(pass) 
gmail-auth.service 
> Database 
Constraints > one 
user can only have 
one Gmail 
connection (unique 
constraint) 
[15.00ms]
(pass) 
gmail-auth.service 
> Database 
Constraints > 
updating tokens for 
same user works 
(upsert behavior)
(pass) 
gmail-auth.service 
> getAuthenticatedCl
ient > returns null 
for user without 
tokens [16.00ms]
160 | export async 
function getAuthenti
catedClient(userId: 
string) {
161 |   const 
tokens = await 
getTokens(userId);
162 |   if (!tokens?
.access_token && !to
kens?.refresh_token)
 return null;
163 | 
164 |   const 
oauth2 = 
getOAuth2Client();
165 |   oauth2.setCr
edentials(tokens);
               ^
TypeError: oauth2.se
tCredentials is not 
a function. (In 'oau
th2.setCredentials(t
okens)', 'oauth2.set
Credentials' is 
undefined)
      at getAuthenti
catedClient (C:\cm3-
backend\src\modules\
gmail-auth\gmail-aut
h.service.ts:165:10)
      at async 
<anonymous> (C:\cm3-
backend\src\modules\
gmail-auth\gmail-aut
h.service.test.ts:27
8:28)
(fail) 
gmail-auth.service 
> getAuthenticatedCl
ient > returns 
OAuth2 client for 
user with tokens

 10 pass
 2 fail
 25 expect() calls
Ran 12 tests across 
1 file. [476.00ms]
